[2025-12-16 19:02:05] FAILED to send email to neil@gmail.com | reservation: RES-20251216-4699 | status: confirmed
Subject: Reservation RES-20251216-4699 - Status updated to Confirmed
Body: Hello neil gungob,

Your reservation (No: RES-20251216-4699) scheduled on 2025-12-30 at 16:56:00 has been updated to: Confirmed.

Special requests: birth day

If you have any questions, please reply to this email or contact our support.

Regards,
Maata Fish Farm
---
[2025-12-16 19:02:15] FAILED to send email to roneilbansas5222@gmail.com | reservation: RES-20251216-1329 | status: confirmed
Subject: Reservation RES-20251216-1329 - Status updated to Confirmed
Body: Hello roneil bansas,

Your reservation (No: RES-20251216-1329) scheduled on 2025-12-17 at 01:39:00 has been updated to: Confirmed.

Special requests: wedding anneversarry

If you have any questions, please reply to this email or contact our support.

Regards,
Maata Fish Farm
---
[2025-12-16 19:04:17] FAILED to send email to neil@gmail.com | reservation: RES-20251216-4699 | status: completed
Subject: Reservation RES-20251216-4699 - Status updated to Completed
Body: Hello neil gungob,

Your reservation (No: RES-20251216-4699) scheduled on 2025-12-30 at 16:56:00 has been updated to: Completed.

Special requests: birth day

If you have any questions, please reply to this email or contact our support.

Regards,
Maata Fish Farm
---
[2025-12-16 19:04:28] FAILED to send email to roneilbansas5222@gmail.com | reservation: RES-20251216-1329 | status: completed
Subject: Reservation RES-20251216-1329 - Status updated to Completed
Body: Hello roneil bansas,

Your reservation (No: RES-20251216-1329) scheduled on 2025-12-17 at 01:39:00 has been updated to: Completed.

Special requests: wedding anneversarry

If you have any questions, please reply to this email or contact our support.

Regards,
Maata Fish Farm
---
[2025-12-16 19:07:06] FAILED to send email to neil@gmail.com | reservation: RES-20251216-4699 | status: cancelled
Subject: Reservation RES-20251216-4699 - Status updated to Cancelled
Body: Hello neil gungob,

Your reservation (No: RES-20251216-4699) scheduled on 2025-12-30 at 16:56:00 has been updated to: Cancelled.

Special requests: birth day

If you have any questions, please reply to this email or contact our support.

Regards,
Maata Fish Farm
---
[2025-12-16 19:07:19] FAILED to send email to roneilbansas5222@gmail.com | reservation: RES-20251216-1329 | status: cancelled
Subject: Reservation RES-20251216-1329 - Status updated to Cancelled
Body: Hello roneil bansas,

Your reservation (No: RES-20251216-1329) scheduled on 2025-12-17 at 01:39:00 has been updated to: Cancelled.

Special requests: wedding anneversarry

If you have any questions, please reply to this email or contact our support.

Regards,
Maata Fish Farm
---
[2025-12-16 19:18:42] PHP mail() FAILED to send to roneilbansas5222@gmail.com | reservation: RES-20251216-1329 | status: confirmed
Subject: Reservation RES-20251216-1329 - Status updated to Confirmed
Body: Hello roneil bansas,

Your reservation (No: RES-20251216-1329) scheduled on 2025-12-17 at 01:39:00 has been updated to: Confirmed.

Special requests: wedding anneversarry

If you have any questions, please reply to this email or contact our support.

Regards,
Maata Fish Farm
---
[2025-12-16 19:22:13] PHP mail() FAILED to send to roneilbansas5222@gmail.com | reservation: RES-20251216-1329 | status: completed
Subject: Reservation RES-20251216-1329 - Status updated to Completed
Body: Hello roneil bansas,

Your reservation (No: RES-20251216-1329) scheduled on 2025-12-17 at 01:39:00 has been updated to: Completed.

Special requests: wedding anneversarry

If you have any questions, please reply to this email or contact our support.

Regards,
Maata Fish Farm
---
[2025-12-16 19:42:22] PHP mail() FAILED to send to roneilbansas5222@gmail.com | reservation: RES-20251216-1329 | status: cancelled
Subject: Reservation RES-20251216-1329 - Status updated to Cancelled
Body: Hello roneil bansas,

Your reservation (No: RES-20251216-1329) scheduled on 2025-12-17 at 01:39:00 has been updated to: Cancelled.

Special requests: wedding anneversarry

If you have any questions, please reply to this email or contact our support.

Regards,
Maata Fish Farm
---
[2025-12-16 19:49:33] PHP mail() FAILED to send to roneilbansas5222@gmail.com | reservation: RES-20251216-1329 | status: completed
Subject: Reservation RES-20251216-1329 - Status updated to Completed
Body: Hello roneil bansas,

Your reservation (No: RES-20251216-1329) scheduled on 2025-12-17 at 01:39:00 has been updated to: Completed.

Special requests: wedding anneversarry

If you have any questions, please reply to this email or contact our support.

Regards,
Maata Fish Farm
---
[2025-12-16 19:51:33] Email sent to roneilbansas5222@gmail.com | reservation: RES-20251216-1329 | status: confirmed
[2025-12-16 19:52:33] Email sent to roneilbansas5222@gmail.com | reservation: RES-20251216-1329 | status: cancelled
[2025-12-16 19:53:12] Email sent to roneilbansas5222@gmail.com | reservation: RES-20251216-1329 | status: completed
[2025-12-17 15:17:23] Email sent to roneilbansas5222@gmail.com | reservation: RES-20251216-1329 | status: cancelled
[2025-12-17 15:21:31] Email sent to roneilbansas5222@gmail.com | reservation: RES-20251217-5098 | status: cancelled
[2025-12-17 15:45:33] TEMP email sent to roneilbansas5222@gmail.com | user_id: 1
[2025-12-22 06:43:21] Email sent to roneilbansas5222@gmail.com | reservation: RES-20251222-1312 | status: confirmed
[2025-12-22 19:43:58] Email sent to roneilbansas5222@gmail.com | reservation: RES-20251222-7660 | status: cancelled
[2025-12-23 16:30:57] Email sent to roneilbansas5222@gmail.com | reservation: RES-20251222-7660 | status: confirmed
[2026-01-06 11:21:16] Email sent to roneilbansas5222@gmail.com | reservation: RES-20260106-0391 | status: confirmed
[2026-01-06 11:21:32] Email sent to roneilbansas5222@gmail.com | reservation: RES-20260106-0391 | status: completed
[2026-01-06 11:21:43] Email sent to roneilbansas5222@gmail.com | reservation: RES-20260106-0391 | status: cancelled
[2026-01-21 18:58:29] Email sent to zebra@gmail.com | reservation: RES-20260107-7093 | status: cancelled
[2026-01-21 18:58:41] Email sent to xamaagad@gmail.com | reservation: RES-20260113-2616 | status: cancelled
[2026-01-21 18:58:52] Email sent to mateo@gmail.com | reservation: RES-20260121-6702 | status: confirmed
[2026-01-21 19:29:50] Email sent to roneilbansas5222@gmail.com | reservation: RES-20260121-4878 | status: confirmed
[2026-01-21 19:29:50] Cottage 5 set to unavailable for confirmed reservation 12
[2026-01-21 19:30:27] Email sent to roneilbansas5222@gmail.com | reservation: RES-20260121-4878 | status: completed
[2026-01-21 19:30:55] Email sent to roneilbansas5222@gmail.com | reservation: RES-20260121-4878 | status: cancelled
[2026-01-21 19:31:31] Email sent to roneilbansas5222@gmail.com | reservation: RES-20260113-0186 | status: confirmed
[2026-01-21 19:32:06] Email sent to roneilbansas5222@gmail.com | reservation: RES-20260113-0186 | status: completed
[2026-01-21 19:32:25] Email sent to roneilbansas5222@gmail.com | reservation: RES-20260113-0186 | status: cancelled
[2026-01-21 19:36:43] Email sent to roneilbansas5222@gmail.com | reservation: RES-20260113-0186 | status: confirmed
[2026-01-21 19:38:03] Email sent to roneilbansas5222@gmail.com | reservation: RES-20260113-0186 | status: cancelled
[2026-01-21 19:38:43] Email sent to roneilbansas5222@gmail.com | reservation: RES-20260121-4878 | status: confirmed
[2026-01-21 19:38:43] Cottage 5 set to unavailable for confirmed reservation 12
[2026-01-21 19:38:54] Email sent to roneilbansas5222@gmail.com | reservation: RES-20260121-4878 | status: cancelled
[2026-01-22 03:32:28] Email FAILED for xamaagad@gmail.com | reservation: RES-20260113-2616 | status: completed
Error: SMTP Error: Could not connect to SMTP host. Failed to connect to server SMTP server error: Failed to connect to server SMTP code: 10060 Additional SMTP info: A connection attempt failed because the connected party did not properly respond after a period of time, or established connection failed because connected host has failed to respond.

---
[2026-01-22 03:51:11] Email FAILED for roneilbansas5222@gmail.com | reservation: RES-20260122-2051 | status: confirmed
Error: SMTP Error: Could not connect to SMTP host. Failed to connect to server SMTP server error: Failed to connect to server SMTP code: 10060 Additional SMTP info: A connection attempt failed because the connected party did not properly respond after a period of time, or established connection failed because connected host has failed to respond.

---
[2026-01-22 03:51:11] Cottage 4 set to unavailable for confirmed reservation 13
[2026-01-22 03:52:40] Email FAILED for roneilbansas5222@gmail.com | reservation: RES-20260122-0831 | status: confirmed
Error: SMTP Error: Could not connect to SMTP host. Failed to connect to server SMTP server error: Failed to connect to server SMTP code: 10060 Additional SMTP info: A connection attempt failed because the connected party did not properly respond after a period of time, or established connection failed because connected host has failed to respond.

---
[2026-01-22 03:52:40] Cottage 5 set to unavailable for confirmed reservation 14
[2026-01-23 07:13:18] Email FAILED for roneilbansas5222@gmail.com | reservation: RES-20260122-2051 | status: cancelled
Error: SMTP Error: Could not connect to SMTP host. Failed to connect to server SMTP server error: Failed to connect to server SMTP code: 10060 Additional SMTP info: A connection attempt failed because the connected party did not properly respond after a period of time, or established connection failed because connected host has failed to respond.

---
[2026-01-23 07:13:39] Email FAILED for roneilbansas5222@gmail.com | reservation: RES-20260122-0831 | status: cancelled
Error: SMTP Error: Could not connect to SMTP host. Failed to connect to server SMTP server error: Failed to connect to server SMTP code: 10060 Additional SMTP info: A connection attempt failed because the connected party did not properly respond after a period of time, or established connection failed because connected host has failed to respond.

---
[2026-01-27 16:51:34] Email sent to roneilbansas5222@gmail.com | reservation: RES-20260127-1797 | status: confirmed
[2026-01-27 16:51:34] Cottage 7 set to unavailable for confirmed reservation 16
[2026-01-27 16:59:14] Email sent to roneilbansas5222@gmail.com | reservation: RES-20260127-1797 | status: confirmed
[2026-01-27 16:59:14] Availability slot marked as booked for confirmed reservation 16 (cottage: 7, date: 2026-01-28, time: 11:45:00)
[2026-01-27 17:01:02] Email sent to roneilbansas5222@gmail.com | reservation: RES-20260127-6475 | status: confirmed
[2026-01-27 17:01:02] Availability slot marked as booked for confirmed reservation 17 (cottage: 7, date: 2026-01-27, time: 14:00:00)
[2026-01-27 17:01:02] Cottage 7 marked as unavailable - all slots booked
[2026-01-27 19:22:08] Email sent to roneilbansas5222@gmail.com | reservation: RES-20260127-7141 | status: confirmed
[2026-01-27 19:22:08] Cottage 17 set to unavailable for confirmed reservation 18
[2026-01-27 19:31:35] Email sent to roneilbansas5222@gmail.com | reservation: RES-20260127-2728 | status: confirmed
[2026-01-27 19:31:35] Cottage 18 set to unavailable for confirmed reservation 19
[2026-01-27 19:40:46] Email sent to roneilbansas5222@gmail.com | reservation: RES-20260127-1184 | status: confirmed
[2026-01-27 19:40:46] Cottage 18 set to unavailable for confirmed reservation 20
[2026-01-27 19:55:32] Email sent to roneilbansas5222@gmail.com | reservation: RES-20260127-2884 | status: confirmed
[2026-01-27 19:55:32] Cottage 22 set to unavailable for confirmed reservation 21
[2026-01-27 19:57:27] Email sent to roneilbansas5222@gmail.com | reservation: RES-20260127-7835 | status: confirmed
[2026-01-27 20:09:49] Email sent to roneilbansas5222@gmail.com | reservation: RES-20260127-8517 | status: confirmed
[2026-01-28 04:24:37] Email FAILED for roneilbansas5222@gmail.com | reservation: RES-20260128-8722 | status: confirmed
Error: SMTP Error: Could not connect to SMTP host. Failed to connect to server SMTP server error: Failed to connect to server SMTP code: 10060 Additional SMTP info: A connection attempt failed because the connected party did not properly respond after a period of time, or established connection failed because connected host has failed to respond.

---
[2026-01-28 04:24:59] Email FAILED for roneilbansas5222@gmail.com | reservation: RES-20260128-8722 | status: confirmed
Error: SMTP Error: Could not connect to SMTP host. Failed to connect to server SMTP server error: Failed to connect to server SMTP code: 10060 Additional SMTP info: A connection attempt failed because the connected party did not properly respond after a period of time, or established connection failed because connected host has failed to respond.

---
[2026-01-28 04:28:13] Email FAILED for roneilbansas5222@gmail.com | reservation: RES-20260128-4945 | status: confirmed
Error: SMTP Error: Could not connect to SMTP host. Failed to connect to server SMTP server error: Failed to connect to server SMTP code: 10060 Additional SMTP info: A connection attempt failed because the connected party did not properly respond after a period of time, or established connection failed because connected host has failed to respond.

---
[2026-01-28 04:49:17] Email FAILED for roneilbansas5222@gmail.com | reservation: RES-20260128-6098 | status: confirmed
Error: SMTP Error: Could not connect to SMTP host. Failed to connect to server SMTP server error: Failed to connect to server SMTP code: 10060 Additional SMTP info: A connection attempt failed because the connected party did not properly respond after a period of time, or established connection failed because connected host has failed to respond.

---
[2026-01-28 07:36:05] Email FAILED for roneilbansas5222@gmail.com | reservation: RES-20260128-0646 | status: confirmed
Error: SMTP Error: Could not connect to SMTP host. Failed to connect to server SMTP server error: Failed to connect to server SMTP code: 10060 Additional SMTP info: A connection attempt failed because the connected party did not properly respond after a period of time, or established connection failed because connected host has failed to respond.

---
[2026-01-28 07:43:55] Email FAILED for roneilbansas5222@gmail.com | reservation: RES-20260128-4838 | status: confirmed
Error: SMTP Error: Could not connect to SMTP host. Failed to connect to server SMTP server error: Failed to connect to server SMTP code: 10060 Additional SMTP info: A connection attempt failed because the connected party did not properly respond after a period of time, or established connection failed because connected host has failed to respond.

---
[2026-01-28 07:44:00] Email FAILED for roneilbansas5222@gmail.com | reservation: RES-20260128-8230 | status: confirmed
Error: SMTP Error: Could not connect to SMTP host. Failed to connect to server SMTP server error: Failed to connect to server SMTP code: 10060 Additional SMTP info: A connection attempt failed because the connected party did not properly respond after a period of time, or established connection failed because connected host has failed to respond.

---
[2026-01-28 07:45:28] Email FAILED for roneilbansas5222@gmail.com | reservation: RES-20260128-1414 | status: confirmed
Error: SMTP Error: Could not connect to SMTP host. Failed to connect to server SMTP server error: Failed to connect to server SMTP code: 10060 Additional SMTP info: A connection attempt failed because the connected party did not properly respond after a period of time, or established connection failed because connected host has failed to respond.

---
[2026-01-28 07:46:01] Email FAILED for roneilbansas5222@gmail.com | reservation: RES-20260128-2581 | status: confirmed
Error: SMTP Error: Could not connect to SMTP host. Failed to connect to server SMTP server error: Failed to connect to server SMTP code: 10060 Additional SMTP info: A connection attempt failed because the connected party did not properly respond after a period of time, or established connection failed because connected host has failed to respond.

---
[2026-01-28 07:46:46] Email FAILED for roneilbansas5222@gmail.com | reservation: RES-20260128-1013 | status: confirmed
Error: SMTP Error: Could not connect to SMTP host. Failed to connect to server SMTP server error: Failed to connect to server SMTP code: 10060 Additional SMTP info: A connection attempt failed because the connected party did not properly respond after a period of time, or established connection failed because connected host has failed to respond.

---
[2026-01-28 08:03:12] Email FAILED for roneilbansas5222@gmail.com | reservation: RES-20260123-3232 | status: cancelled
Error: SMTP Error: Could not connect to SMTP host. Failed to connect to server SMTP server error: Failed to connect to server SMTP code: 10060 Additional SMTP info: A connection attempt failed because the connected party did not properly respond after a period of time, or established connection failed because connected host has failed to respond.

---
[2026-01-28 17:30:41] Email sent to mia@gmail.com | reservation: RES-20260128-1772 | status: cancelled
[2026-01-28 19:12:59] Email sent to max@gmail.com | reservation: RES-20260128-7386 | status: cancelled
[2026-01-28 19:13:01] Email sent to max@gmail.com | reservation: RES-20260128-6807 | status: cancelled
[2026-01-29 17:55:47] Email sent to sin@gmail.com | reservation: RES-20260129-4237 | status: cancelled
[2026-02-03 03:28:17] Email FAILED for sin@gmail.com | reservation: RES-20260129-4237 | status: cancelled
Error: SMTP Error: Could not connect to SMTP host. Failed to connect to server SMTP server error: Failed to connect to server SMTP code: 10060 Additional SMTP info: A connection attempt failed because the connected party did not properly respond after a period of time, or established connection failed because connected host has failed to respond.

---
